
> social-media@0.1.0 build
> react-scripts build

npm : [baseline-browser-mapping] The data in this module is over two months old.  To 
ensure accurate Baseline data, please update: `npm i baseline-browser-mapping@latest -D`
At line:1 char:71
+ ... script\social-media-frontend" ; npm run build > build_output.txt 2>&1
+                                     ~~~~~~~~~~~~~~~~~~~~~~~~~~~~~~~~~~~~~
    + CategoryInfo          : NotSpecified: ([baseline-brows...ping@latest -D`:String) [ 
   ], RemoteException
    + FullyQualifiedErrorId : NativeCommandError
 
Creating an optimized production build...
[baseline-browser-mapping] The data in this module is over two months old.  To ensure 
accurate Baseline data, please update: `npm i baseline-browser-mapping@latest -D`
Compiled with warnings.

[eslint] 
src\App.js
  Line 13:8:  'UserProfile' is defined but never used  no-unused-vars

src\components\comments\comment.jsx
  Line 39:6:  React Hook useEffect has a missing dependency: 'getReplies'. Either include it or remove the dependency array  react-hooks/exhaustive-deps
  Line 85:6:  React Hook useEffect has a missing dependency: 'getUser'. Either include it or remove the dependency array     react-hooks/exhaustive-deps

src\components\conversation\conversation.jsx
  Line 8:10:   'participants' is assigned a value but never used                                                                                              no-unused-vars
  Line 42:6:   React Hook useEffect has a missing dependency: 'getParticipants'. Either include it or remove the dependency array                             react-hooks/exhaustive-deps
  Line 65:6:   React Hook useEffect has a missing dependency: 'getUser'. Either include it or remove the dependency array                                     react-hooks/exhaustive-deps
  Line 89:6:   React Hook useEffect has a missing dependency: 'getConversation'. Either include it or remove the dependency array                             react-hooks/exhaustive-deps
  Line 148:6:  React Hook useEffect has missing dependencies: 'getLatestMessages' and 'getUnseenMessage'. Either include them or remove the dependency array  react-hooks/exhaustive-deps

src\components\friendCard\friendCard.jsx
  Line 32:6:  React Hook useEffect has a missing dependency: 'getMutualsFriends'. Either include it or remove the dependency array  react-hooks/exhaustive-deps
  Line 37:9:  img elements must have an alt prop, either with meaningful text, or an empty string for decorative images             jsx-a11y/alt-text

src\components\friendRequestCard\friendrequestCard.jsx
  Line 32:6:  React Hook useEffect has a missing dependency: 'getMutualsFriends'. Either include it or remove the dependency array  react-hooks/exhaustive-deps

src\components\post\post.jsx
  Line 100:6:   React Hook useEffect has a missing dependency: 'getComments'. Either include it or remove the dependency array                       react-hooks/exhaustive-deps
  Line 162:6:   React Hook useEffect has missing dependencies: 'getSenderDetails' and 'getUser'. Either include them or remove the dependency array  react-hooks/exhaustive-deps
  Line 428:11:  img elements must have an alt prop, either with meaningful text, or an empty string for decorative images                            jsx-a11y/alt-text

src\components\suggestionCard\suggestionCard.jsx
  Line 57:6:  React Hook useEffect has a missing dependency: 'getMutualsFriends'. Either include it or remove the dependency array  react-hooks/exhaustive-deps

src\components\suggestion\suggestion.jsx
  Line 34:6:  React Hook useEffect has a missing dependency: 'getMutualsFriends'. Either include it or remove the dependency array         react-hooks/exhaustive-deps
  Line 56:6:  React Hook useEffect has missing dependencies: 'sessionId' and 'userId'. Either include them or remove the dependency array  react-hooks/exhaustive-deps
  Line 83:9:  img elements must have an alt prop, either with meaningful text, or an empty string for decorative images                    jsx-a11y/alt-text

src\pages\AllFriends.jsx
  Line 39:6:  React Hook useEffect has a missing dependency: 'getAllFriends'. Either include it or remove the dependency array  react-hooks/exhaustive-deps

src\pages\chatbox.jsx
  Line 1:10:    'use' is defined but never used                                                                                                             no-unused-vars
  Line 227:6:   React Hook useEffect has a missing dependency: 'getMessages'. Either include it or remove the dependency array                              react-hooks/exhaustive-deps
  Line 232:9:   'connected' is assigned a value but never used                                                                                              no-unused-vars
  Line 369:6:   React Hook useEffect has missing dependencies: 'getConversation' and 'getParticipants'. Either include them or remove the dependency array  react-hooks/exhaustive-deps
  Line 376:6:   React Hook useEffect has a missing dependency: 'getGroupMembers'. Either include it or remove the dependency array                          react-hooks/exhaustive-deps
  Line 504:6:   React Hook useEffect has missing dependencies: 'getCommonGroups' and 'getUser'. Either include them or remove the dependency array          react-hooks/exhaustive-deps
  Line 526:6:   React Hook useEffect has a missing dependency: 'getConversation'. Either include it or remove the dependency array                          react-hooks/exhaustive-deps
  Line 550:6:   React Hook useEffect has a missing dependency: 'setLastSeen'. Either include it or remove the dependency array                              react-hooks/exhaustive-deps
  Line 557:13:  img elements must have an alt prop, either with meaningful text, or an empty string for decorative images                                   jsx-a11y/alt-text

src\pages\conversations.jsx
  Line 19:10:  'conversations' is assigned a value but never used                                                                                         no-unused-vars
  Line 34:10:  'groupIcon' is assigned a value but never used                                                                                             no-unused-vars
  Line 35:10:  'about' is assigned a value but never used                                                                                                 no-unused-vars
  Line 36:10:  'mutualFriends' is assigned a value but never used                                                                                         no-unused-vars
  Line 38:9:   'navigate' is assigned a value but never used                                                                                              no-unused-vars
  Line 259:6:  React Hook useEffect has a missing dependency: 'getBio'. Either include it or remove the dependency array                                  react-hooks/exhaustive-deps
  Line 282:6:  React Hook useEffect has a missing dependency: 'getMutualsFriends'. Either include it or remove the dependency array                       react-hooks/exhaustive-deps
  Line 418:6:  React Hook useEffect has missing dependencies: 'getAllFriends' and 'getConversations'. Either include them or remove the dependency array  react-hooks/exhaustive-deps

src\pages\friendRequestPage.jsx
  Line 35:6:  React Hook useEffect has a missing dependency: 'getFriendRequest'. Either include it or remove the dependency array  react-hooks/exhaustive-deps

src\pages\friends.jsx
  Line 36:6:  React Hook useEffect has missing dependencies: 'getFriendRequest' and 'getSuggestions'. Either include them or remove the dependency array  react-hooks/exhaustive-deps

src\pages\home.jsx
  Line 9:8:    'SentimentSatisfiedOutlinedIcon' is defined but never used                                                         no-unused-vars
  Line 73:6:   React Hook useEffect has a missing dependency: 'fetchwithauth'. Either include it or remove the dependency array   react-hooks/exhaustive-deps
  Line 146:6:  React Hook useEffect has a missing dependency: 'getPosts'. Either include it or remove the dependency array        react-hooks/exhaustive-deps
  Line 173:6:  React Hook useEffect has a missing dependency: 'getSuggestions'. Either include it or remove the dependency array  react-hooks/exhaustive-deps

src\pages\profile.jsx
  Line 11:10:    'RiEmotionLaughFill' is defined but never used                                                                               no-unused-vars
  Line 11:30:    'RiFontSize' is defined but never used                                                                                       no-unused-vars
  Line 26:10:    'previewUrl' is assigned a value but never used                                                                              no-unused-vars
  Line 47:10:    'dob' is assigned a value but never used                                                                                     no-unused-vars
  Line 47:15:    'setDob' is assigned a value but never used                                                                                  no-unused-vars
  Line 52:10:    'profilePic' is assigned a value but never used                                                                              no-unused-vars
  Line 53:10:    'coverPic' is assigned a value but never used                                                                                no-unused-vars
  Line 164:6:    React Hook useEffect has missing dependencies: 'getPosts' and 'getUser'. Either include them or remove the dependency array  react-hooks/exhaustive-deps
  Line 220:6:    React Hook useEffect has a missing dependency: 'getBio'. Either include it or remove the dependency array                    react-hooks/exhaustive-deps
  Line 243:6:    React Hook useEffect has a missing dependency: 'getAllFriends'. Either include it or remove the dependency array             react-hooks/exhaustive-deps
  Line 1079:19:  img elements must have an alt prop, either with meaningful text, or an empty string for decorative images                    jsx-a11y/alt-text

src\pages\profilepage.jsx
  Line 57:6:    React Hook useEffect has missing dependencies: 'getPosts' and 'getUser'. Either include them or remove the dependency array  react-hooks/exhaustive-deps
  Line 183:6:   React Hook useEffect has a missing dependency: 'getBio'. Either include it or remove the dependency array                    react-hooks/exhaustive-deps
  Line 209:6:   React Hook useEffect has a missing dependency: 'getMutualsFriends'. Either include it or remove the dependency array         react-hooks/exhaustive-deps
  Line 232:6:   React Hook useEffect has a missing dependency: 'getAllFriends'. Either include it or remove the dependency array             react-hooks/exhaustive-deps
  Line 471:19:  img elements must have an alt prop, either with meaningful text, or an empty string for decorative images                    jsx-a11y/alt-text

src\pages\suggestionsPage.jsx
  Line 36:6:  React Hook useEffect has a missing dependency: 'getSuggestions'. Either include it or remove the dependency array  react-hooks/exhaustive-deps

src\pages\userprofile.jsx
  Line 12:10:   'PiDotsThreeBold' is defined but never used                                                                                  no-unused-vars
  Line 66:6:    React Hook useEffect has missing dependencies: 'getPosts' and 'getUser'. Either include them or remove the dependency array  react-hooks/exhaustive-deps
  Line 213:6:   React Hook useEffect has a missing dependency: 'getBio'. Either include it or remove the dependency array                    react-hooks/exhaustive-deps
  Line 239:6:   React Hook useEffect has a missing dependency: 'getMutualsFriends'. Either include it or remove the dependency array         react-hooks/exhaustive-deps
  Line 262:6:   React Hook useEffect has a missing dependency: 'getAllFriends'. Either include it or remove the dependency array             react-hooks/exhaustive-deps
  Line 499:19:  img elements must have an alt prop, either with meaningful text, or an empty string for decorative images                    jsx-a11y/alt-text

src\socket\chatService.js
  Line 52:10:  'bufToBase64' is defined but never used      no-unused-vars
  Line 60:10:  'base64ToBuf' is defined but never used      no-unused-vars
  Line 70:16:  'deriveSimpleKey' is defined but never used  no-unused-vars

Search for the keywords to learn more about each warning.
To ignore, add // eslint-disable-next-line to the line before.

File sizes after gzip:

  193.19 kB  build\static\js\main.26852404.js
  19.96 kB   build\static\js\610.c2ed52ee.chunk.js
  12.76 kB   build\static\css\main.9301be4e.css
  1.24 kB    build\static\js\209.ab8bd5d1.chunk.js
  163 B      build\static\js\488.ce6d14d7.chunk.js

The project was built assuming it is hosted at /.
You can control this with the homepage field in your package.json.

The build folder is ready to be deployed.
You may serve it with a static server:

  npm install -g serve
  serve -s build

Find out more about deployment here:

  https://cra.link/deployment

